// Jest Snapshot v1, https://goo.gl/fbAQLP

exports[`News List test matches snapshot online 1`] = `
Object {
  "asFragment": [Function],
  "baseElement": <body>
    <div>
      <div
        class="MuiPaper-root MuiCard-root makeStyles-card-1 MuiPaper-elevation1 MuiPaper-rounded"
      >
        <button
          class="MuiButtonBase-root MuiCardActionArea-root"
          tabindex="0"
          type="button"
        >
          <div
            class="MuiCardContent-root"
          >
            <h2
              class="MuiTypography-root MuiTypography-h5 MuiTypography-gutterBottom"
            >
              Cobham agrees Ultra deal and Meggitt nears takeover in British aerospace sell-off – business live
            </h2>
            <p
              class="MuiTypography-root MuiTypography-body2 MuiTypography-colorTextSecondary MuiTypography-gutterBottom"
            >
              Business
            </p>
            <p
              class="MuiTypography-root MuiTypography-body2 MuiTypography-colorTextSecondary MuiTypography-gutterBottom"
            >
              2021-08-16T07:06:10Z
            </p>
          </div>
          <span
            class="MuiCardActionArea-focusHighlight"
          />
          <span
            class="MuiTouchRipple-root"
          />
        </button>
      </div>
      <div
        class="MuiPaper-root MuiCard-root makeStyles-card-1 MuiPaper-elevation1 MuiPaper-rounded"
      >
        <button
          class="MuiButtonBase-root MuiCardActionArea-root"
          tabindex="0"
          type="button"
        >
          <div
            class="MuiCardContent-root"
          >
            <h2
              class="MuiTypography-root MuiTypography-h5 MuiTypography-gutterBottom"
            >
              Coronavirus live news: Japan set to extend state of emergency as Sydney records deadliest pandemic day 
            </h2>
            <p
              class="MuiTypography-root MuiTypography-body2 MuiTypography-colorTextSecondary MuiTypography-gutterBottom"
            >
              World news
            </p>
            <p
              class="MuiTypography-root MuiTypography-body2 MuiTypography-colorTextSecondary MuiTypography-gutterBottom"
            >
              2021-08-16T07:05:31Z
            </p>
          </div>
          <span
            class="MuiCardActionArea-focusHighlight"
          />
          <span
            class="MuiTouchRipple-root"
          />
        </button>
      </div>
    </div>
  </body>,
  "container": <div>
    <div
      class="MuiPaper-root MuiCard-root makeStyles-card-1 MuiPaper-elevation1 MuiPaper-rounded"
    >
      <button
        class="MuiButtonBase-root MuiCardActionArea-root"
        tabindex="0"
        type="button"
      >
        <div
          class="MuiCardContent-root"
        >
          <h2
            class="MuiTypography-root MuiTypography-h5 MuiTypography-gutterBottom"
          >
            Cobham agrees Ultra deal and Meggitt nears takeover in British aerospace sell-off – business live
          </h2>
          <p
            class="MuiTypography-root MuiTypography-body2 MuiTypography-colorTextSecondary MuiTypography-gutterBottom"
          >
            Business
          </p>
          <p
            class="MuiTypography-root MuiTypography-body2 MuiTypography-colorTextSecondary MuiTypography-gutterBottom"
          >
            2021-08-16T07:06:10Z
          </p>
        </div>
        <span
          class="MuiCardActionArea-focusHighlight"
        />
        <span
          class="MuiTouchRipple-root"
        />
      </button>
    </div>
    <div
      class="MuiPaper-root MuiCard-root makeStyles-card-1 MuiPaper-elevation1 MuiPaper-rounded"
    >
      <button
        class="MuiButtonBase-root MuiCardActionArea-root"
        tabindex="0"
        type="button"
      >
        <div
          class="MuiCardContent-root"
        >
          <h2
            class="MuiTypography-root MuiTypography-h5 MuiTypography-gutterBottom"
          >
            Coronavirus live news: Japan set to extend state of emergency as Sydney records deadliest pandemic day 
          </h2>
          <p
            class="MuiTypography-root MuiTypography-body2 MuiTypography-colorTextSecondary MuiTypography-gutterBottom"
          >
            World news
          </p>
          <p
            class="MuiTypography-root MuiTypography-body2 MuiTypography-colorTextSecondary MuiTypography-gutterBottom"
          >
            2021-08-16T07:05:31Z
          </p>
        </div>
        <span
          class="MuiCardActionArea-focusHighlight"
        />
        <span
          class="MuiTouchRipple-root"
        />
      </button>
    </div>
  </div>,
  "debug": [Function],
  "findAllByAltText": [Function],
  "findAllByDisplayValue": [Function],
  "findAllByLabelText": [Function],
  "findAllByPlaceholderText": [Function],
  "findAllByRole": [Function],
  "findAllByTestId": [Function],
  "findAllByText": [Function],
  "findAllByTitle": [Function],
  "findByAltText": [Function],
  "findByDisplayValue": [Function],
  "findByLabelText": [Function],
  "findByPlaceholderText": [Function],
  "findByRole": [Function],
  "findByTestId": [Function],
  "findByText": [Function],
  "findByTitle": [Function],
  "getAllByAltText": [Function],
  "getAllByDisplayValue": [Function],
  "getAllByLabelText": [Function],
  "getAllByPlaceholderText": [Function],
  "getAllByRole": [Function],
  "getAllByTestId": [Function],
  "getAllByText": [Function],
  "getAllByTitle": [Function],
  "getByAltText": [Function],
  "getByDisplayValue": [Function],
  "getByLabelText": [Function],
  "getByPlaceholderText": [Function],
  "getByRole": [Function],
  "getByTestId": [Function],
  "getByText": [Function],
  "getByTitle": [Function],
  "queryAllByAltText": [Function],
  "queryAllByDisplayValue": [Function],
  "queryAllByLabelText": [Function],
  "queryAllByPlaceholderText": [Function],
  "queryAllByRole": [Function],
  "queryAllByTestId": [Function],
  "queryAllByText": [Function],
  "queryAllByTitle": [Function],
  "queryByAltText": [Function],
  "queryByDisplayValue": [Function],
  "queryByLabelText": [Function],
  "queryByPlaceholderText": [Function],
  "queryByRole": [Function],
  "queryByTestId": [Function],
  "queryByText": [Function],
  "queryByTitle": [Function],
  "rerender": [Function],
  "unmount": [Function],
}
`;
